exports[`test StaticInstrument demo renders correctly 1`] = `
<div>
  <div>
    <div
      className="ro-instrument-loading"
      style={undefined}>
      <div>
        <span>
          Loading  Instrument ðŸšš ðŸšš ðŸšš
        </span>
      </div>
      <div>
         Loading Note 
      </div>
      <div>
         Loading Note 
      </div>
    </div>
    <div
      className="control">
      <button
        className="button"
        onClick={[Function]}>
        Play Melody
      </button>
    </div>
  </div>
  <div
    className="ro-instrument-loading"
    style={undefined}>
    <div>
      <span>
        Loading  Instrument ðŸšš ðŸšš ðŸšš
      </span>
    </div>
    <div>
       Loading Note 
    </div>
    <div>
       Loading Note 
    </div>
  </div>
  <div>
    <div>
      <div>
         This is an orchestra it can play complex melodies ! 
      </div>
    </div>
    <div
      className="control">
      <button
        className="button "
        onClick={[Function]}>
        Toggle playback
      </button>
    </div>
  </div>
</div>
`;
