exports[`test Note renders correctly 1`] = `
<div
  style={undefined}>
  <div>
    <span>
      Loading  Instrument ğŸšš ğŸšš ğŸšš
    </span>
  </div>
</div>
`;
