exports[`test StaticInstrument demo renders correctly 1`] = `
<div
  style={undefined}>
  <div>
    <span>
      Loading  Instrument ğŸšš ğŸšš ğŸšš
    </span>
  </div>
  <div
    onMouseDown={[Function]}
    onMouseUp={[Function]}>
    <div>
       This is what I want my note to look like ! I can put anything in here.
      <img
        alt="Some pic"
        src="https://s-media-cache-ak0.pinimg.com/originals/36/43/e7/3643e7e8dab9b88b3972ee1c9f909dea.jpg"
        width="80" />
    </div>
  </div>
  <div
    onMouseDown={[Function]}
    onMouseUp={[Function]}>
    <div>
      Another note
    </div>
  </div>
</div>
`;
